File:install_main.c Function:detect_loop L:1511 Msg:Error: There is a loop in structure.
Config directory: ./
Node information file: node_information.json
Node structure file: node_structure.json
Timeout: 0
free db2
free db5
free db6
free db7
free db3
free db_loop
free db4
