ERROR:  server "db2" does not exist
CREATE EXTENSION
ERROR:  foreign-data wrapper "potgres_fdw" does not exist
ERROR:  server "db2" does not exist
NOTICE:  extension "postgres_fdw" already exists, skipping
File:install_util.c Function:create_connection L:117 Msg:Error:connection to server at "127.0.0.1", port 4813 failed: FATAL:  password authentication failed for user "pgspider"

Config directory: ./
Node information file: node_information.json
Node structure file: node_structure.json
Timeout: 0
Node schema: public
Node on conflict: none
free db2
