NOTICE:  extension "file_fdw" does not exist, skipping
NOTICE:  extension "pgspider_fdw" does not exist, skipping
NOTICE:  extension "postgres_fdw" does not exist, skipping
NOTICE:  extension "sqlite_fdw" does not exist, skipping
NOTICE:  extension "tinybrace_fdw" does not exist, skipping
NOTICE:  extension "mysql_fdw" does not exist, skipping
NOTICE:  extension "griddb_fdw" does not exist, skipping
NOTICE:  extension "influxdb_fdw" does not exist, skipping
NOTICE:  extension "pgspider_core_fdw" does not exist, skipping
NOTICE:  schema "temp_schema" does not exist, skipping
File:install_util.c Function:query_execute L:148 Msg:IMPORT FOREIGN SCHEMA public FROM server db2 INTO temp_schema; failed :ERROR:  could not connect to server "db2"
DETAIL:  connection to server at "127.0.0.1", port 5432 failed: Connection refused
	Is the server running on that host and accepting TCP/IP connections?

Config directory: ./
Node information file: node_information.json
Node structure file: node_structure.json
Timeout: 12
free db2
