select * from tbl_postgre order by c2, __spd_url;
ERROR:  relation "tbl_postgre" does not exist
LINE 1: select * from tbl_postgre order by c2, __spd_url;
                      ^
select * from tmp_test_setcluster order by c2, __spd_url;
ERROR:  relation "tmp_test_setcluster" does not exist
LINE 1: select * from tmp_test_setcluster order by c2, __spd_url;
                      ^
select * from tbl_grid;
ERROR:  relation "tbl_grid" does not exist
LINE 1: select * from tbl_grid;
                      ^
select * from tbl_influx;
SET
ERROR:  relation "tbl_influx" does not exist
LINE 1: SET TIMEZONE to 'UTC'; select * from tbl_influx;
                                             ^
select * from tbl_mysql;
ERROR:  relation "tbl_mysql" does not exist
LINE 1: select * from tbl_mysql;
                      ^
select * from tbl_sqlite;
ERROR:  relation "tbl_sqlite" does not exist
LINE 1: select * from tbl_sqlite;
                      ^
select * from tbl_tiny;
ERROR:  relation "tbl_tiny" does not exist
LINE 1: select * from tbl_tiny;
                      ^
select * from tbl_parquetminio;
ERROR:  relation "tbl_parquetminio" does not exist
LINE 1: select * from tbl_parquetminio;
                      ^
select * from tbl_parquetlocal;
ERROR:  relation "tbl_parquetlocal" does not exist
LINE 1: select * from tbl_parquetlocal;
                      ^
select * from tbl_oracle;
ERROR:  relation "tbl_oracle" does not exist
LINE 1: select * from tbl_oracle;
                      ^
select * from tbl_sqlumdash;
ERROR:  relation "tbl_sqlumdash" does not exist
LINE 1: select * from tbl_sqlumdash;
                      ^
select * from tbl_odbcmysql;
ERROR:  relation "tbl_odbcmysql" does not exist
LINE 1: select * from tbl_odbcmysql;
                      ^
select * from tbl_odbcpostgres;
ERROR:  relation "tbl_odbcpostgres" does not exist
LINE 1: select * from tbl_odbcpostgres;
                      ^
select * from tbl_dynamodb;
ERROR:  relation "tbl_dynamodb" does not exist
LINE 1: select * from tbl_dynamodb;
                      ^
select * from tbl_mongo;
ERROR:  relation "tbl_mongo" does not exist
LINE 1: select * from tbl_mongo;
                      ^
select * from tbl_jdbcmysql;
ERROR:  relation "tbl_jdbcmysql" does not exist
LINE 1: select * from tbl_jdbcmysql;
                      ^
select * from tbl_jdbcpostgres;
ERROR:  relation "tbl_jdbcpostgres" does not exist
LINE 1: select * from tbl_jdbcpostgres;
                      ^
select * from tbl_jdbcgrid;
ERROR:  relation "tbl_jdbcgrid" does not exist
LINE 1: select * from tbl_jdbcgrid;
                      ^
select * from tbl_postgrest;
ERROR:  relation "tbl_postgrest" does not exist
LINE 1: select * from tbl_postgrest;
                      ^
select * from test_table1 order by 3, __spd_url;
 Five  |       Four       | One | Seven | Six | Three |                      Two                       | __spd_url 
-------+------------------+-----+-------+-----+-------+------------------------------------------------+-----------
 17532 | 1514764800000000 |   1 |   0.5 | t   | foo   | {"List":[{"Item":1},{"Item":2},{"Item":3}]}    | /db2/
 17532 | 1514764800000000 |   1 |   0.5 | t   | foo   | {"List":[{"Item":1},{"Item":2},{"Item":3}]}    | /db3/
 17532 | 1514764800000000 |   1 |   0.5 | t   | foo   | {"List":[{"Item":1},{"Item":2},{"Item":3}]}    | /db4/
 17533 | 1514851200000000 |   2 |       | f   | bar   | {"List":[{"Item":null},{"Item":5},{"Item":6}]} | /db2/
 17533 | 1514851200000000 |   2 |       | f   | bar   | {"List":[{"Item":null},{"Item":5},{"Item":6}]} | /db3/
 17533 | 1514851200000000 |   2 |       | f   | bar   | {"List":[{"Item":null},{"Item":5},{"Item":6}]} | /db4/
 17534 | 1514937600000000 |   3 |     1 | t   | baz   | {"List":[{"Item":7},{"Item":8},{"Item":9}]}    | /db2/
 17534 | 1514937600000000 |   3 |     1 | t   | baz   | {"List":[{"Item":7},{"Item":8},{"Item":9}]}    | /db3/
 17534 | 1514937600000000 |   3 |     1 | t   | baz   | {"List":[{"Item":7},{"Item":8},{"Item":9}]}    | /db4/
 17535 | 1515024000000000 |   4 |   1.5 | f   | uno   | {"List":[{"Item":10},{"Item":11},{"Item":12}]} | /db2/
 17535 | 1515024000000000 |   4 |   1.5 | f   | uno   | {"List":[{"Item":10},{"Item":11},{"Item":12}]} | /db3/
 17535 | 1515024000000000 |   4 |   1.5 | f   | uno   | {"List":[{"Item":10},{"Item":11},{"Item":12}]} | /db4/
 17536 | 1515110400000000 |   5 |       | f   | dos   | {"List":[{"Item":13},{"Item":14},{"Item":15}]} | /db2/
 17536 | 1515110400000000 |   5 |       | f   | dos   | {"List":[{"Item":13},{"Item":14},{"Item":15}]} | /db3/
 17536 | 1515110400000000 |   5 |       | f   | dos   | {"List":[{"Item":13},{"Item":14},{"Item":15}]} | /db4/
 17537 | 1515196800000000 |   6 |     2 | f   | tres  | {"List":[{"Item":16},{"Item":17},{"Item":18}]} | /db2/
 17537 | 1515196800000000 |   6 |     2 | f   | tres  | {"List":[{"Item":16},{"Item":17},{"Item":18}]} | /db3/
 17537 | 1515196800000000 |   6 |     2 | f   | tres  | {"List":[{"Item":16},{"Item":17},{"Item":18}]} | /db4/
(18 rows)

