NOTICE:  extension "objstorage_fdw" already exists, skipping
NOTICE:  extension "objstorage_fdw" already exists, skipping
NOTICE:  extension "objstorage_fdw" already exists, skipping
NOTICE:  extension "objstorage_fdw" already exists, skipping
NOTICE:  extension "objstorage_fdw" already exists, skipping
NOTICE:  extension "objstorage_fdw" already exists, skipping
NOTICE:  extension "objstorage_fdw" already exists, skipping
NOTICE:  extension "objstorage_fdw" already exists, skipping
NOTICE:  extension "objstorage_fdw" already exists, skipping
NOTICE:  extension "objstorage_fdw" already exists, skipping
NOTICE:  extension "objstorage_fdw" already exists, skipping
NOTICE:  schema "temp_schema" does not exist, skipping
NOTICE:  relation "test_table1" already exists, skipping
NOTICE:  relation "test_table1" already exists, skipping
NOTICE:  relation "test_table1" already exists, skipping
NOTICE:  relation "test_table1" already exists, skipping
NOTICE:  relation "test_table1" already exists, skipping
NOTICE:  relation "test_table1" already exists, skipping
NOTICE:  relation "test_table1" already exists, skipping
NOTICE:  relation "test_table1" already exists, skipping
NOTICE:  relation "test_table1" already exists, skipping
NOTICE:  relation "test_table1" already exists, skipping
NOTICE:  relation "test_table1" already exists, skipping
Config directory: ./
Node information file: node_information.json
Node structure file: node_structure.json
Timeout: 0
Node schema: public
Node on conflict: none
FINISH db1 
free db2
free db3
free db4
free db5
free db6
free db7
free db8
free db9
free db10
free db11
free db12
free db13
Success to create pgspider tables.
