File:install_main.c Function:main L:2166 Msg:Error: Can not open file /home/not_exist_folder/node_information.json
Config directory: /home/not_exist_folder
Node information file: node_information.json
Node structure file: node_structure.json
Timeout: 0
