     c1      |    c2     |       c3       |   __spd_url    
-------------+-----------+----------------+----------------
 Caichao     |     25452 | 54562563.21514 | /db3/
 two         |      1222 |    -2563.21514 | /db3/
 threse      |    242322 |         563.87 | /db3/
 simple      | -28391322 |        82563.8 | /db3/
 nothing     |    989839 |         8657.2 | /db3/
 0YJ_gG7l000 |     -9892 |          332.8 | /db3/
 four        |       124 |        463.244 | /db3/
 five        |      8675 |     -29863.212 | /db3/
 six         |      8685 |            563 | /db3/
 MalaysiaNY  |     54645 |    3.321241209 | /db3/
 Caichao     |     25452 | 54562563.21514 | /db2/
 two         |      1222 |    -2563.21514 | /db2/
 threse      |    242322 |         563.87 | /db2/
 simple      | -28391322 |        82563.8 | /db2/
 nothing     |    989839 |         8657.2 | /db2/
 0YJ_gG7l000 |     -9892 |          332.8 | /db2/
 four        |       124 |        463.244 | /db2/
 five        |      8675 |     -29863.212 | /db2/
 six         |      8685 |            563 | /db2/
 MalaysiaNY  |     54645 |    3.321241209 | /db2/
 Caichao     |     25452 | 54562563.21514 | /db4/db6/
 two         |      1222 |    -2563.21514 | /db4/db6/
 threse      |    242322 |         563.87 | /db4/db6/
 simple      | -28391322 |        82563.8 | /db4/db6/
 nothing     |    989839 |         8657.2 | /db4/db6/
 0YJ_gG7l000 |     -9892 |          332.8 | /db4/db6/
 four        |       124 |        463.244 | /db4/db6/
 five        |      8675 |     -29863.212 | /db4/db6/
 six         |      8685 |            563 | /db4/db6/
 MalaysiaNY  |     54645 |    3.321241209 | /db4/db6/
 Caichao     |     25452 | 54562563.21514 | /db4/db5/db8/
 two         |      1222 |    -2563.21514 | /db4/db5/db8/
 threse      |    242322 |         563.87 | /db4/db5/db8/
 simple      | -28391322 |        82563.8 | /db4/db5/db8/
 nothing     |    989839 |         8657.2 | /db4/db5/db8/
 0YJ_gG7l000 |     -9892 |          332.8 | /db4/db5/db8/
 four        |       124 |        463.244 | /db4/db5/db8/
 five        |      8675 |     -29863.212 | /db4/db5/db8/
 six         |      8685 |            563 | /db4/db5/db8/
 MalaysiaNY  |     54645 |    3.321241209 | /db4/db5/db8/
 Caichao     |     25452 | 54562563.21514 | /db4/db5/db9/
 two         |      1222 |    -2563.21514 | /db4/db5/db9/
 threse      |    242322 |         563.87 | /db4/db5/db9/
 simple      | -28391322 |        82563.8 | /db4/db5/db9/
 nothing     |    989839 |         8657.2 | /db4/db5/db9/
 0YJ_gG7l000 |     -9892 |          332.8 | /db4/db5/db9/
 four        |       124 |        463.244 | /db4/db5/db9/
 five        |      8675 |     -29863.212 | /db4/db5/db9/
 six         |      8685 |            563 | /db4/db5/db9/
 MalaysiaNY  |     54645 |    3.321241209 | /db4/db5/db9/
 Caichao     |     25452 | 54562563.21514 | /db4/db7/db11/
 two         |      1222 |    -2563.21514 | /db4/db7/db11/
 threse      |    242322 |         563.87 | /db4/db7/db11/
 simple      | -28391322 |        82563.8 | /db4/db7/db11/
 nothing     |    989839 |         8657.2 | /db4/db7/db11/
 0YJ_gG7l000 |     -9892 |          332.8 | /db4/db7/db11/
 four        |       124 |        463.244 | /db4/db7/db11/
 five        |      8675 |     -29863.212 | /db4/db7/db11/
 six         |      8685 |            563 | /db4/db7/db11/
 MalaysiaNY  |     54645 |    3.321241209 | /db4/db7/db11/
 Caichao     |     25452 | 54562563.21514 | /db4/db7/db12/
 two         |      1222 |    -2563.21514 | /db4/db7/db12/
 threse      |    242322 |         563.87 | /db4/db7/db12/
 simple      | -28391322 |        82563.8 | /db4/db7/db12/
 nothing     |    989839 |         8657.2 | /db4/db7/db12/
 0YJ_gG7l000 |     -9892 |          332.8 | /db4/db7/db12/
 four        |       124 |        463.244 | /db4/db7/db12/
 five        |      8675 |     -29863.212 | /db4/db7/db12/
 six         |      8685 |            563 | /db4/db7/db12/
 MalaysiaNY  |     54645 |    3.321241209 | /db4/db7/db12/
(70 rows)

        c1         |      c2      |      c3       |   __spd_url    
-------------------+--------------+---------------+----------------
 Cáichảofile1      | 922337203807 | 21292.1212312 | /db4/db13/
 Cáichảofile1      | 922337203807 | 21292.1212312 | /db4/db13/
 กระทะfile2        | -33720385808 |   19212.12123 | /db4/db13/
 友達と会うfile3   |        21123 |    -4000.6153 | /db4/db13/
 simplefile4       |    -21212312 |     5000.1651 | /db4/db13/
 กระทะfile2        | -33720385808 |   19212.12123 | /db4/db13/
 nothingfile5      |        12123 |    -6000.1894 | /db4/db13/
 oneonefile6       |     98972321 |     7000.1984 | /db4/db13/
 0YJ_gG7l000file7  |       122112 |    -8000.6871 | /db4/db13/
 友達と会うfile3   |        21123 |    -4000.6153 | /db4/db13/
 ごきげんようfile8 |       -83781 |    9000.32184 | /db4/db13/
 сковородаfile9    |         1213 |   -12000.9213 | /db4/db13/
 ハンサムfile10    |          123 |   83123.12312 | /db4/db13/
 simplefile4       |    -21212312 |     5000.1651 | /db4/db13/
 nothingfile5      |        12123 |    -6000.1894 | /db4/db13/
 oneonefile6       |     98972321 |     7000.1984 | /db4/db13/
 0YJ_gG7l000file7  |       122112 |    -8000.6871 | /db4/db13/
 ごきげんようfile8 |       -83781 |    9000.32184 | /db4/db13/
 сковородаfile9    |         1213 |   -12000.9213 | /db4/db13/
 ハンサムfile10    |          123 |   83123.12312 | /db4/db13/
 Cáichảofile1      | 922337203807 | 21292.1212312 | /db4/db7/db14/
 Cáichảofile1      | 922337203807 | 21292.1212312 | /db4/db7/db14/
 กระทะfile2        | -33720385808 |   19212.12123 | /db4/db7/db14/
 友達と会うfile3   |        21123 |    -4000.6153 | /db4/db7/db14/
 กระทะfile2        | -33720385808 |   19212.12123 | /db4/db7/db14/
 simplefile4       |    -21212312 |     5000.1651 | /db4/db7/db14/
 nothingfile5      |        12123 |    -6000.1894 | /db4/db7/db14/
 友達と会うfile3   |        21123 |    -4000.6153 | /db4/db7/db14/
 oneonefile6       |     98972321 |     7000.1984 | /db4/db7/db14/
 0YJ_gG7l000file7  |       122112 |    -8000.6871 | /db4/db7/db14/
 simplefile4       |    -21212312 |     5000.1651 | /db4/db7/db14/
 ごきげんようfile8 |       -83781 |    9000.32184 | /db4/db7/db14/
 сковородаfile9    |         1213 |   -12000.9213 | /db4/db7/db14/
 nothingfile5      |        12123 |    -6000.1894 | /db4/db7/db14/
 ハンサムfile10    |          123 |   83123.12312 | /db4/db7/db14/
 oneonefile6       |     98972321 |     7000.1984 | /db4/db7/db14/
 0YJ_gG7l000file7  |       122112 |    -8000.6871 | /db4/db7/db14/
 ごきげんようfile8 |       -83781 |    9000.32184 | /db4/db7/db14/
 сковородаfile9    |         1213 |   -12000.9213 | /db4/db7/db14/
 ハンサムfile10    |          123 |   83123.12312 | /db4/db7/db14/
(40 rows)

ERROR:  relation "tbl_grid" does not exist
LINE 1: select * from tbl_grid;
                      ^
ERROR:  relation "tbl_influx" does not exist
LINE 1: select * from tbl_influx;
                      ^
ERROR:  relation "tbl_mysql" does not exist
LINE 1: select * from tbl_mysql;
                      ^
ERROR:  relation "tbl_sqlite" does not exist
LINE 1: select * from tbl_sqlite;
                      ^
ERROR:  relation "tbl_tiny" does not exist
LINE 1: select * from tbl_tiny;
                      ^
