File:install_main.c Function:verify_nodename L:864 Msg:Error: Duplicate node name in node data: db1
Config directory: ./
Node information file: node_information.json
Node structure file: node_structure.json
Timeout: 0
