select * from tbl_postgre order by c2, __spd_url;
ERROR:  relation "tbl_postgre" does not exist
LINE 1: select * from tbl_postgre order by c2, __spd_url;
                      ^
select * from tmp_test_setcluster order by c2, __spd_url;
ERROR:  relation "tmp_test_setcluster" does not exist
LINE 1: select * from tmp_test_setcluster order by c2, __spd_url;
                      ^
select * from tbl_grid;
ERROR:  relation "tbl_grid" does not exist
LINE 1: select * from tbl_grid;
                      ^
select * from tbl_influx;
SET
ERROR:  relation "tbl_influx" does not exist
LINE 1: SET TIMEZONE to 'UTC'; select * from tbl_influx;
                                             ^
select * from tbl_mysql;
ERROR:  relation "tbl_mysql" does not exist
LINE 1: select * from tbl_mysql;
                      ^
select * from tbl_sqlite;
ERROR:  relation "tbl_sqlite" does not exist
LINE 1: select * from tbl_sqlite;
                      ^
select * from tbl_tiny;
ERROR:  relation "tbl_tiny" does not exist
LINE 1: select * from tbl_tiny;
                      ^
select * from tbl_parquetminio;
ERROR:  relation "tbl_parquetminio" does not exist
LINE 1: select * from tbl_parquetminio;
                      ^
select * from tbl_parquetlocal;
ERROR:  relation "tbl_parquetlocal" does not exist
LINE 1: select * from tbl_parquetlocal;
                      ^
select * from tbl_oracle;
ERROR:  relation "tbl_oracle" does not exist
LINE 1: select * from tbl_oracle;
                      ^
select * from tbl_sqlumdash;
ERROR:  relation "tbl_sqlumdash" does not exist
LINE 1: select * from tbl_sqlumdash;
                      ^
select * from tbl_odbcmysql;
ERROR:  relation "tbl_odbcmysql" does not exist
LINE 1: select * from tbl_odbcmysql;
                      ^
select * from tbl_odbcpostgres;
ERROR:  relation "tbl_odbcpostgres" does not exist
LINE 1: select * from tbl_odbcpostgres;
                      ^
select * from tbl_dynamodb;
ERROR:  relation "tbl_dynamodb" does not exist
LINE 1: select * from tbl_dynamodb;
                      ^
select * from tbl_mongo;
ERROR:  relation "tbl_mongo" does not exist
LINE 1: select * from tbl_mongo;
                      ^
select * from tbl_jdbcmysql;
ERROR:  relation "tbl_jdbcmysql" does not exist
LINE 1: select * from tbl_jdbcmysql;
                      ^
select * from tbl_jdbcpostgres;
ERROR:  relation "tbl_jdbcpostgres" does not exist
LINE 1: select * from tbl_jdbcpostgres;
                      ^
select * from tbl_jdbcgrid;
ERROR:  relation "tbl_jdbcgrid" does not exist
LINE 1: select * from tbl_jdbcgrid;
                      ^
select * from tbl_postgrest;
ERROR:  relation "tbl_postgrest" does not exist
LINE 1: select * from tbl_postgrest;
                      ^
select * from branches order by name, web_url, __spd_url;
      name       | merged | protected | default | developers_can_push | developers_can_merge | can_push |                                 web_url                                 | __spd_url 
-----------------+--------+-----------+---------+---------------------+----------------------+----------+-------------------------------------------------------------------------+-----------
 branch_1        | t      | f         | f       | f                   | f                    | t        | https://127.0.0.1/gitlab/user_1/test_project_1/-/tree/branch_1          | /db2/
 branch_1        | t      | f         | f       | f                   | f                    | t        | https://127.0.0.1/gitlab/user_1/test_project_1/-/tree/branch_1          | /db2/
 branch_1_1      | f      | f         | f       | f                   | f                    | t        | https://127.0.0.1/gitlab/user_1/test_project_gitlab_1/-/tree/branch_1_1 | /db2/
 branch_1_2      | f      | f         | f       | f                   | f                    | t        | https://127.0.0.1/gitlab/user_1/test_project_gitlab_1/-/tree/branch_1_2 | /db2/
 branch_1_3      | f      | f         | f       | f                   | f                    | t        | https://127.0.0.1/gitlab/user_1/test_project_gitlab_1/-/tree/branch_1_3 | /db2/
 branch_2        | t      | f         | f       | f                   | f                    | t        | https://127.0.0.1/gitlab/user_1/test_project_1/-/tree/branch_2          | /db2/
 branch_2        | t      | f         | f       | f                   | f                    | t        | https://127.0.0.1/gitlab/user_1/test_project_1/-/tree/branch_2          | /db2/
 branch_2_2      | f      | f         | f       | f                   | f                    | t        | https://127.0.0.1/gitlab/user_1/test_project_gitlab_2/-/tree/branch_2_2 | /db2/
 branch_2_3      | f      | f         | f       | f                   | f                    | t        | https://127.0.0.1/gitlab/user_1/test_project_gitlab_2/-/tree/branch_2_3 | /db2/
 branch_3        | t      | f         | f       | f                   | f                    | t        | https://127.0.0.1/gitlab/user_1/test_project_1/-/tree/branch_3          | /db2/
 branch_3        | t      | f         | f       | f                   | f                    | t        | https://127.0.0.1/gitlab/user_1/test_project_1/-/tree/branch_3          | /db2/
 branch_4        | f      | f         | f       | f                   | f                    | t        | https://127.0.0.1/gitlab/user_1/test_project_1/-/tree/branch_4          | /db2/
 branch_4        | f      | f         | f       | f                   | f                    | t        | https://127.0.0.1/gitlab/user_1/test_project_1/-/tree/branch_4          | /db2/
 branch_5        | f      | f         | f       | f                   | f                    | t        | https://127.0.0.1/gitlab/user_1/test_project_1/-/tree/branch_5          | /db2/
 branch_5        | f      | f         | f       | f                   | f                    | t        | https://127.0.0.1/gitlab/user_1/test_project_1/-/tree/branch_5          | /db2/
 branch_6        | f      | f         | f       | f                   | f                    | t        | https://127.0.0.1/gitlab/user_1/test_project_1/-/tree/branch_6          | /db2/
 branch_6        | f      | f         | f       | f                   | f                    | t        | https://127.0.0.1/gitlab/user_1/test_project_1/-/tree/branch_6          | /db2/
 branch_abc      | t      | f         | f       | f                   | f                    | t        | https://127.0.0.1/gitlab/user_1/test_project_1/-/tree/branch_abc        | /db2/
 branch_abc      | t      | f         | f       | f                   | f                    | t        | https://127.0.0.1/gitlab/user_1/test_project_1/-/tree/branch_abc        | /db2/
 branch_def      | t      | f         | f       | f                   | f                    | t        | https://127.0.0.1/gitlab/user_1/test_project_1/-/tree/branch_def        | /db2/
 branch_def      | t      | f         | f       | f                   | f                    | t        | https://127.0.0.1/gitlab/user_1/test_project_1/-/tree/branch_def        | /db2/
 bugfixing_1234  | t      | f         | f       | f                   | f                    | t        | https://127.0.0.1/gitlab/user_1/test_project_1/-/tree/bugfixing_1234    | /db2/
 bugfixing_1234  | t      | f         | f       | f                   | f                    | t        | https://127.0.0.1/gitlab/user_1/test_project_1/-/tree/bugfixing_1234    | /db2/
 main            | f      | t         | t       | f                   | f                    | t        | https://127.0.0.1/gitlab/db/test_project_8/-/tree/main                  | /db2/
 master          | f      | t         | t       | f                   | f                    | t        | https://127.0.0.1/gitlab/db/test_project_2/-/tree/master                | /db2/
 master          | f      | t         | t       | f                   | f                    | t        | https://127.0.0.1/gitlab/db/test_project_3/-/tree/master                | /db2/
 master          | f      | t         | t       | f                   | f                    | t        | https://127.0.0.1/gitlab/db/test_project_4/-/tree/master                | /db2/
 master          | f      | t         | t       | f                   | f                    | t        | https://127.0.0.1/gitlab/db/test_project_5/-/tree/master                | /db2/
 master          | f      | t         | t       | f                   | f                    | t        | https://127.0.0.1/gitlab/db/test_project_6/-/tree/master                | /db2/
 master          | f      | t         | t       | f                   | f                    | t        | https://127.0.0.1/gitlab/db/test_project_7/-/tree/master                | /db2/
 master          | f      | t         | t       | f                   | f                    | t        | https://127.0.0.1/gitlab/user_1/test_project_1/-/tree/master            | /db2/
 master          | f      | t         | t       | f                   | f                    | t        | https://127.0.0.1/gitlab/user_1/test_project_1/-/tree/master            | /db2/
 master          | f      | t         | t       | f                   | f                    | t        | https://127.0.0.1/gitlab/user_1/test_project_gitlab_1/-/tree/master     | /db2/
 master          | f      | t         | t       | f                   | f                    | t        | https://127.0.0.1/gitlab/user_1/test_project_gitlab_2/-/tree/master     | /db2/
 rebase_branch_1 | t      | f         | f       | f                   | f                    | t        | https://127.0.0.1/gitlab/user_1/test_project_1/-/tree/rebase_branch_1   | /db2/
 rebase_branch_1 | t      | f         | f       | f                   | f                    | t        | https://127.0.0.1/gitlab/user_1/test_project_1/-/tree/rebase_branch_1   | /db2/
 start_branch    | f      | t         | t       | f                   | f                    | t        | https://127.0.0.1/gitlab/db/test_project_9/-/tree/start_branch          | /db2/
(37 rows)

