NOTICE:  extension "file_fdw" already exists, skipping
File:install_main.c Function:set_pgspider_node_admin L:1798 Msg:Error: table is not specified for file_fdw. 
Config directory: ./
Node information file: node_information.json
Node structure file: node_structure.json
Timeout: 0
Node schema: public
Node on conflict: none
free db2
free db3
