File:install_main.c Function:main L:1971 Msg:Error: ./node_information.json is invalid json file 
Config directory: ./
Node information file: node_information.json
Node structure file: node_structure.json
Timeout: 0
