NOTICE:  extension "file_fdw" does not exist, skipping
NOTICE:  extension "pgspider_fdw" does not exist, skipping
NOTICE:  extension "postgres_fdw" does not exist, skipping
NOTICE:  extension "sqlite_fdw" does not exist, skipping
NOTICE:  extension "tinybrace_fdw" does not exist, skipping
NOTICE:  extension "mysql_fdw" does not exist, skipping
NOTICE:  extension "griddb_fdw" does not exist, skipping
NOTICE:  extension "influxdb_fdw" does not exist, skipping
NOTICE:  extension "parquet_s3_fdw" does not exist, skipping
NOTICE:  extension "mongo_fdw" does not exist, skipping
NOTICE:  extension "oracle_fdw" does not exist, skipping
NOTICE:  extension "postgrest_fdw" does not exist, skipping
NOTICE:  extension "odbc_fdw" does not exist, skipping
NOTICE:  extension "jdbc_fdw" does not exist, skipping
NOTICE:  extension "dynamodb_fdw" does not exist, skipping
NOTICE:  extension "sqlumdashcs_fdw" does not exist, skipping
NOTICE:  extension "objstorage_fdw" does not exist, skipping
NOTICE:  extension "gitlab_fdw" does not exist, skipping
NOTICE:  extension "redmine_fdw" does not exist, skipping
NOTICE:  extension "pgspider_core_fdw" does not exist, skipping
NOTICE:  extension "postgres_fdw" already exists, skipping
NOTICE:  extension "file_fdw" does not exist, skipping
NOTICE:  extension "pgspider_fdw" does not exist, skipping
NOTICE:  extension "postgres_fdw" does not exist, skipping
NOTICE:  extension "sqlite_fdw" does not exist, skipping
NOTICE:  extension "tinybrace_fdw" does not exist, skipping
NOTICE:  extension "mysql_fdw" does not exist, skipping
NOTICE:  extension "griddb_fdw" does not exist, skipping
NOTICE:  extension "influxdb_fdw" does not exist, skipping
NOTICE:  extension "parquet_s3_fdw" does not exist, skipping
NOTICE:  extension "mongo_fdw" does not exist, skipping
NOTICE:  extension "oracle_fdw" does not exist, skipping
NOTICE:  extension "postgrest_fdw" does not exist, skipping
NOTICE:  extension "odbc_fdw" does not exist, skipping
NOTICE:  extension "jdbc_fdw" does not exist, skipping
NOTICE:  extension "dynamodb_fdw" does not exist, skipping
NOTICE:  extension "sqlumdashcs_fdw" does not exist, skipping
NOTICE:  extension "objstorage_fdw" does not exist, skipping
NOTICE:  extension "gitlab_fdw" does not exist, skipping
NOTICE:  extension "redmine_fdw" does not exist, skipping
NOTICE:  extension "pgspider_core_fdw" does not exist, skipping
NOTICE:  extension "file_fdw" does not exist, skipping
NOTICE:  extension "pgspider_fdw" does not exist, skipping
NOTICE:  extension "postgres_fdw" does not exist, skipping
NOTICE:  extension "sqlite_fdw" does not exist, skipping
NOTICE:  extension "tinybrace_fdw" does not exist, skipping
NOTICE:  extension "mysql_fdw" does not exist, skipping
NOTICE:  extension "griddb_fdw" does not exist, skipping
NOTICE:  extension "influxdb_fdw" does not exist, skipping
NOTICE:  extension "parquet_s3_fdw" does not exist, skipping
NOTICE:  extension "mongo_fdw" does not exist, skipping
NOTICE:  extension "oracle_fdw" does not exist, skipping
NOTICE:  extension "postgrest_fdw" does not exist, skipping
NOTICE:  extension "odbc_fdw" does not exist, skipping
NOTICE:  extension "jdbc_fdw" does not exist, skipping
NOTICE:  extension "dynamodb_fdw" does not exist, skipping
NOTICE:  extension "sqlumdashcs_fdw" does not exist, skipping
NOTICE:  extension "objstorage_fdw" does not exist, skipping
NOTICE:  extension "gitlab_fdw" does not exist, skipping
NOTICE:  extension "redmine_fdw" does not exist, skipping
NOTICE:  extension "pgspider_core_fdw" does not exist, skipping
NOTICE:  extension "postgres_fdw" already exists, skipping
NOTICE:  extension "file_fdw" does not exist, skipping
NOTICE:  extension "pgspider_fdw" does not exist, skipping
NOTICE:  extension "postgres_fdw" does not exist, skipping
NOTICE:  extension "sqlite_fdw" does not exist, skipping
NOTICE:  extension "tinybrace_fdw" does not exist, skipping
NOTICE:  extension "mysql_fdw" does not exist, skipping
NOTICE:  extension "griddb_fdw" does not exist, skipping
NOTICE:  extension "influxdb_fdw" does not exist, skipping
NOTICE:  extension "parquet_s3_fdw" does not exist, skipping
NOTICE:  extension "mongo_fdw" does not exist, skipping
NOTICE:  extension "oracle_fdw" does not exist, skipping
NOTICE:  extension "postgrest_fdw" does not exist, skipping
NOTICE:  extension "odbc_fdw" does not exist, skipping
NOTICE:  extension "jdbc_fdw" does not exist, skipping
NOTICE:  extension "dynamodb_fdw" does not exist, skipping
NOTICE:  extension "sqlumdashcs_fdw" does not exist, skipping
NOTICE:  extension "objstorage_fdw" does not exist, skipping
NOTICE:  extension "gitlab_fdw" does not exist, skipping
NOTICE:  extension "redmine_fdw" does not exist, skipping
NOTICE:  extension "pgspider_core_fdw" does not exist, skipping
NOTICE:  extension "pgspider_fdw" already exists, skipping
NOTICE:  extension "file_fdw" does not exist, skipping
NOTICE:  extension "pgspider_fdw" does not exist, skipping
NOTICE:  extension "postgres_fdw" does not exist, skipping
NOTICE:  extension "sqlite_fdw" does not exist, skipping
NOTICE:  extension "tinybrace_fdw" does not exist, skipping
NOTICE:  extension "mysql_fdw" does not exist, skipping
NOTICE:  extension "griddb_fdw" does not exist, skipping
NOTICE:  extension "influxdb_fdw" does not exist, skipping
NOTICE:  extension "parquet_s3_fdw" does not exist, skipping
NOTICE:  extension "mongo_fdw" does not exist, skipping
NOTICE:  extension "oracle_fdw" does not exist, skipping
NOTICE:  extension "postgrest_fdw" does not exist, skipping
NOTICE:  extension "odbc_fdw" does not exist, skipping
NOTICE:  extension "jdbc_fdw" does not exist, skipping
NOTICE:  extension "dynamodb_fdw" does not exist, skipping
NOTICE:  extension "sqlumdashcs_fdw" does not exist, skipping
NOTICE:  extension "objstorage_fdw" does not exist, skipping
NOTICE:  extension "gitlab_fdw" does not exist, skipping
NOTICE:  extension "redmine_fdw" does not exist, skipping
NOTICE:  extension "pgspider_core_fdw" does not exist, skipping
NOTICE:  extension "postgres_fdw" already exists, skipping
NOTICE:  schema "temp_schema" does not exist, skipping
NOTICE:  relation "tbl_postgre" already exists, skipping
NOTICE:  schema "temp_schema" does not exist, skipping
File:install_util.c Function:query_execute L:147 Msg:IMPORT FOREIGN SCHEMA public FROM SERVER db10 INTO temp_schema; failed :ERROR:  password is required
DETAIL:  Non-superuser cannot connect if the server does not request a password.
HINT:  Target server's authentication method must be changed or password_required=false set in the user mapping attributes.

Config directory: ./
Node information file: node_information.json
Node structure file: node_structure.json
Timeout: 0
FINISH db5 
FINISH db10 
free db2
free db3
free db8
free db9
free db5
free db6
free db10
free db11
free db12
free db7
free db4
