File:pgspider_node.c Function:gitlab_fdw L:634 Msg:ERROR: ca file and ca path must be set
Config directory: ./
Node information file: node_information.json
Node structure file: node_structure.json
Timeout: 0
Node schema: public
Node on conflict: none
free db2
