File:install_main.c Function:parse_conf L:823 Msg:Error: port parameter is invalid.
Config directory: ./
Node information file: node_information.json
Node structure file: node_structure.json
Timeout: 0
