File:install_main.c Function:main L:2236 Msg:Error: Can not open file ./node_information.json
Config directory: ./
Node information file: node_information.json
Node structure file: node_structure.json
Timeout: 0
Node schema: public
Node on conflict: none
