./setup_cluster: option requires an argument -- 't'
File:config.c Function:analyze_arguments L:97 Msg:Error : Invalid argument '?'
