NOTICE:  extension "file_fdw" does not exist, skipping
NOTICE:  extension "pgspider_fdw" does not exist, skipping
NOTICE:  extension "postgres_fdw" does not exist, skipping
NOTICE:  extension "sqlite_fdw" does not exist, skipping
NOTICE:  extension "tinybrace_fdw" does not exist, skipping
NOTICE:  extension "mysql_fdw" does not exist, skipping
NOTICE:  extension "griddb_fdw" does not exist, skipping
NOTICE:  extension "influxdb_fdw" does not exist, skipping
NOTICE:  extension "pgspider_core_fdw" does not exist, skipping
Config directory: ./
Node information file: node_information.json
Node structure file: node_structure.json
Timeout: 0
file_fdw parent foreign table: CREATE FOREIGN TABLE IF NOT EXISTS "tmp_test_setcluster"(c1 text, c2 bigint, c3 float8,__spd_url text) server db1;
file_fdw server: CREATE SERVER IF NOT EXISTS db2 FOREIGN DATA WRAPPER file_fdw;
file_fdw child foreign table: CREATE FOREIGN TABLE tmp_test_setcluster__db2__0(c1 text, c2 bigint, c3 float8) SERVER db2 OPTIONS(filename '/tmp/test_setcluster/tbl_file.csv', format 'csv');

FINISH db1 
free db2
Success to create pgspider tables.
