test tablespace                   ... ok          400 ms
parallel group (20 tests):  char name varchar text oid boolean int2 regproc int4 txid pg_lsn money uuid int8 bit enum float8 float4 numeric rangetypes
     boolean                      ... ok          132 ms
     char                         ... ok           48 ms
     name                         ... ok           46 ms
     varchar                      ... ok           46 ms
     text                         ... ok           66 ms
     int2                         ... ok          111 ms
     int4                         ... ok          116 ms
     int8                         ... ok          153 ms
     oid                          ... ok           72 ms
     float4                       ... ok          217 ms
     float8                       ... ok          195 ms
     bit                          ... ok          169 ms
     numeric                      ... ok          406 ms
     txid                         ... ok          121 ms
     uuid                         ... ok          143 ms
     enum                         ... ok          190 ms
     money                        ... ok          130 ms
     rangetypes                   ... ok          537 ms
     pg_lsn                       ... ok          118 ms
     regproc                      ... ok           94 ms
parallel group (19 tests):  line macaddr circle timetz time path lseg inet tstypes point interval date numerology macaddr8 box strings timestamp polygon timestamptz
     strings                      ... ok          333 ms
     numerology                   ... ok          212 ms
     point                        ... ok          175 ms
     lseg                         ... ok          173 ms
     line                         ... ok          100 ms
     box                          ... ok          248 ms
     path                         ... ok          152 ms
     polygon                      ... ok          551 ms
     circle                       ... ok          128 ms
     date                         ... ok          210 ms
     time                         ... ok          145 ms
     timetz                       ... ok          141 ms
     timestamp                    ... ok          545 ms
     timestamptz                  ... ok          597 ms
     interval                     ... ok          192 ms
     inet                         ... ok          172 ms
     macaddr                      ... ok          114 ms
     macaddr8                     ... ok          228 ms
     tstypes                      ... ok          171 ms
parallel group (9 tests):  comments expressions misc_sanity horology geometry type_sanity oidjoins regex opr_sanity
     geometry                     ... ok          241 ms
     horology                     ... ok          151 ms
     regex                        ... ok          696 ms
     oidjoins                     ... ok          348 ms
     type_sanity                  ... ok          241 ms
     opr_sanity                   ... ok         1895 ms
     misc_sanity                  ... ok          123 ms
     comments                     ... ok          110 ms
     expressions                  ... ok          101 ms
test create_function_1            ... ok          167 ms
test create_type                  ... ok           41 ms
test create_table                 ... ok          474 ms
test create_function_2            ... ok           43 ms
parallel group (5 tests):  copydml copyselect insert_conflict copy insert
     copy                         ... ok          638 ms
     copyselect                   ... ok          104 ms
     copydml                      ... ok           63 ms
     insert                       ... ok          640 ms
     insert_conflict              ... ok          245 ms
parallel group (3 tests):  create_operator create_procedure create_misc
     create_misc                  ... ok          143 ms
     create_operator              ... ok           89 ms
     create_procedure             ... ok          112 ms
parallel group (5 tests):  index_including create_view create_index_spgist index_including_gist create_index
     create_index                 ... ok         2208 ms
     create_index_spgist          ... ok          629 ms
     create_view                  ... ok          447 ms
     index_including              ... ok          225 ms
     index_including_gist         ... ok         1688 ms
parallel group (15 tests):  create_cast roleattributes hash_func create_aggregate create_function_3 drop_if_exists select create_am typed_table constraints vacuum errors inherit updatable_views triggers
     create_aggregate             ... ok          123 ms
     create_function_3            ... ok          197 ms
     create_cast                  ... ok           61 ms
     constraints                  ... ok          481 ms
     triggers                     ... ok         2534 ms
     select                       ... ok          290 ms
     inherit                      ... ok         1128 ms
     typed_table                  ... ok          414 ms
     vacuum                       ... ok          670 ms
     drop_if_exists               ... ok          262 ms
     updatable_views              ... ok         1334 ms
     roleattributes               ... ok          105 ms
     create_am                    ... ok          354 ms
     hash_func                    ... ok          111 ms
     errors                       ... ok          794 ms
test sanity_check                 ... FAILED      892 ms
parallel group (20 tests):  select_distinct_on delete select_having namespace random select_distinct select_implicit case prepared_xacts select_into union portals transactions subselect btree_index aggregates hash_index arrays update join
     select_into                  ... ok          319 ms
     select_distinct              ... ok          154 ms
     select_distinct_on           ... ok           77 ms
     select_implicit              ... ok          188 ms
     select_having                ... ok          113 ms
     subselect                    ... FAILED     1584 ms
     union                        ... ok          355 ms
     case                         ... ok          196 ms
     join                         ... ok         2350 ms
     aggregates                   ... ok         1678 ms
     transactions                 ... ok          782 ms
     random                       ... ok          131 ms
     portals                      ... ok          556 ms
     arrays                       ... ok         2202 ms
     btree_index                  ... ok         1608 ms
     hash_index                   ... ok         2041 ms
     update                       ... FAILED     2211 ms
     delete                       ... ok           77 ms
     namespace                    ... ok          112 ms
     prepared_xacts               ... ok          280 ms
parallel group (20 tests):  security_label init_privs drop_operator tablesample lock object_address groupingsets password replica_identity brin matview gin privileges identity spgist collate generated rowsecurity gist join_hash
     brin                         ... ok         1223 ms
     gin                          ... ok         1418 ms
     gist                         ... ok         2535 ms
     spgist                       ... ok         2076 ms
     privileges                   ... ok         1988 ms
     init_privs                   ... ok          300 ms
     security_label               ... ok          261 ms
     collate                      ... ok         2075 ms
     matview                      ... ok         1366 ms
     lock                         ... ok          431 ms
     replica_identity             ... ok         1118 ms
     rowsecurity                  ... ok         2294 ms
     object_address               ... ok          440 ms
     tablesample                  ... ok          364 ms
     groupingsets                 ... ok          474 ms
     drop_operator                ... ok          304 ms
     password                     ... ok          517 ms
     identity                     ... ok         2002 ms
     generated                    ... ok         2224 ms
     join_hash                    ... ok         5260 ms
parallel group (10 tests):  misc_functions alter_operator dbsize async tsrf tidscan misc alter_generic create_table_like sysviews
     create_table_like            ... ok          298 ms
     alter_generic                ... ok          196 ms
     alter_operator               ... ok           87 ms
     misc                         ... ok          186 ms
     async                        ... ok           92 ms
     dbsize                       ... ok           88 ms
     misc_functions               ... ok           65 ms
     sysviews                     ... ok         1011 ms
     tsrf                         ... ok          111 ms
     tidscan                      ... ok          113 ms
parallel group (5 tests):  amutils psql_crosstab psql rules stats_ext
     rules                        ... ok          526 ms
     psql                         ... ok          241 ms
     psql_crosstab                ... ok          110 ms
     amutils                      ... ok           69 ms
     stats_ext                    ... ok         1015 ms
test select_parallel              ... ok          868 ms
test write_parallel               ... ok           96 ms
parallel group (2 tests):  subscription publication
     publication                  ... ok           97 ms
     subscription                 ... ok           48 ms
parallel group (17 tests):  advisory_lock combocid portals_p2 xmlmap functional_deps dependency guc equivclass select_views cluster tsearch tsdicts foreign_data bitmapops indirect_toast window foreign_key
     select_views                 ... ok          421 ms
     portals_p2                   ... ok          162 ms
     foreign_key                  ... ok         2873 ms
     cluster                      ... ok          470 ms
     dependency                   ... ok          271 ms
     guc                          ... ok          289 ms
     bitmapops                    ... ok         1525 ms
     combocid                     ... ok          158 ms
     tsearch                      ... ok          559 ms
     tsdicts                      ... ok          873 ms
     foreign_data                 ... ok          974 ms
     window                       ... ok         1563 ms
     xmlmap                       ... ok          161 ms
     functional_deps              ... ok          232 ms
     advisory_lock                ... ok          126 ms
     indirect_toast               ... ok         1524 ms
     equivclass                   ... ok          288 ms
parallel group (6 tests):  json_encoding jsonpath jsonpath_encoding jsonb_jsonpath json jsonb
     json                         ... ok          188 ms
     jsonb                        ... ok          445 ms
     json_encoding                ... ok           31 ms
     jsonpath                     ... ok           67 ms
     jsonpath_encoding            ... ok           78 ms
     jsonb_jsonpath               ... ok          169 ms
parallel group (18 tests):  conversion prepare limit returning xml plancache temp truncate largeobject polymorphism with sequence rowtypes copy2 domain rangefuncs plpgsql alter_table
     plancache                    ... ok          530 ms
     limit                        ... ok          151 ms
     plpgsql                      ... ok         2562 ms
     copy2                        ... ok          825 ms
     temp                         ... ok          565 ms
     domain                       ... ok          883 ms
     rangefuncs                   ... ok          948 ms
     prepare                      ... ok          124 ms
     conversion                   ... ok           62 ms
     truncate                     ... ok          614 ms
     alter_table                  ... ok         2857 ms
     sequence                     ... ok          795 ms
     polymorphism                 ... ok          773 ms
     rowtypes                     ... ok          803 ms
     returning                    ... ok          419 ms
     largeobject                  ... ok          712 ms
     with                         ... ok          780 ms
     xml                          ... ok          418 ms
parallel group (7 tests):  reloptions hash_part partition_info partition_join partition_aggregate indexing partition_prune
     partition_join               ... ok          470 ms
     partition_prune              ... ok         1079 ms
     reloptions                   ... ok          123 ms
     hash_part                    ... ok          159 ms
     indexing                     ... ok         1074 ms
     partition_aggregate          ... ok          830 ms
     partition_info               ... ok          198 ms
test event_trigger                ... ok          239 ms
test fast_default                 ... ok          312 ms
test stats                        ... ok          654 ms
