select * from tbl_postgre;
ERROR:  relation "tbl_postgre" does not exist
LINE 1: select * from tbl_postgre;
                      ^
select * from tmp_test_setcluster;
ERROR:  relation "tmp_test_setcluster" does not exist
LINE 1: select * from tmp_test_setcluster;
                      ^
select * from tbl_grid;
ERROR:  relation "tbl_grid" does not exist
LINE 1: select * from tbl_grid;
                      ^
select * from tbl_influx;
ERROR:  relation "tbl_influx" does not exist
LINE 1: select * from tbl_influx;
                      ^
select * from tbl_mysql;
ERROR:  relation "tbl_mysql" does not exist
LINE 1: select * from tbl_mysql;
                      ^
select * from tbl_sqlite;
ERROR:  relation "tbl_sqlite" does not exist
LINE 1: select * from tbl_sqlite;
                      ^
select * from tbl_tiny;
ERROR:  relation "tbl_tiny" does not exist
LINE 1: select * from tbl_tiny;
                      ^
select * from tbl_parquetminio;
ERROR:  relation "tbl_parquetminio" does not exist
LINE 1: select * from tbl_parquetminio;
                      ^
select * from tbl_parquetlocal;
ERROR:  relation "tbl_parquetlocal" does not exist
LINE 1: select * from tbl_parquetlocal;
                      ^
select * from tbl_oracle;
ERROR:  relation "tbl_oracle" does not exist
LINE 1: select * from tbl_oracle;
                      ^
select * from tbl_sqlumdash;
          c1          |    c2    |     c3      | __spd_url 
----------------------+----------+-------------+-----------
 sqlite1              |    32352 |       563.9 | /db2/
 sqlite2              |     9576 |  -57563.059 | /db2/
 友達と会う sqlite3   |    36322 |     433.835 | /db2/
 simple sqlite4       |   -43522 |   3423.1242 | /db2/
 nothing sqlite5      |     4759 |     92347.2 | /db2/
 sqlite6              |   -34392 |      442.83 | /db2/
 ごきげんよう sqlite7 | 34324124 | 534253.0995 | /db2/
 сковорода sqlite8    |     7325 |   -17363.55 | /db2/
 ハンサム sqlite9     |      325 |      984.24 | /db2/
 MalaysiaNY sqlite10  |     9645 |     233.932 | /db2/
(10 rows)

select * from tbl_odbcmysql;
ERROR:  relation "tbl_odbcmysql" does not exist
LINE 1: select * from tbl_odbcmysql;
                      ^
select * from tbl_odbcpostgres;
ERROR:  relation "tbl_odbcpostgres" does not exist
LINE 1: select * from tbl_odbcpostgres;
                      ^
select * from tbl_dynamodb;
ERROR:  relation "tbl_dynamodb" does not exist
LINE 1: select * from tbl_dynamodb;
                      ^
select * from tbl_mongo;
ERROR:  relation "tbl_mongo" does not exist
LINE 1: select * from tbl_mongo;
                      ^
select * from tbl_jdbcmysql;
ERROR:  relation "tbl_jdbcmysql" does not exist
LINE 1: select * from tbl_jdbcmysql;
                      ^
select * from tbl_jdbcpostgres;
ERROR:  relation "tbl_jdbcpostgres" does not exist
LINE 1: select * from tbl_jdbcpostgres;
                      ^
select * from tbl_jdbcgrid;
ERROR:  relation "tbl_jdbcgrid" does not exist
LINE 1: select * from tbl_jdbcgrid;
                      ^
select * from tbl_postgrest;
ERROR:  relation "tbl_postgrest" does not exist
LINE 1: select * from tbl_postgrest;
                      ^
