--Create extension
--Testcase 1:
CREATE EXTENSION pgspider_core_fdw;
--Start test for abnormal cases
--Test for abnormal cases, wrong syntax CREATE server command
--Keyword not correct in CREATE server command
--Testcase 2:
CREATE MULTI pgspider_multi_tenant;
ERROR:  syntax error at or near "pgspider_multi_tenant"
LINE 1: CREATE MULTI pgspider_multi_tenant;
                     ^
--Testcase 3:
CREATE TENANT pgspider_multi_tenant;
ERROR:  syntax error at or near "TENANT"
LINE 1: CREATE TENANT pgspider_multi_tenant;
               ^
--Wrong order keyword in CREATE server command
--Testcase 4:
CREATE TENANT MULTI pgspider_multi_tenant;
ERROR:  syntax error at or near "TENANT"
LINE 1: CREATE TENANT MULTI pgspider_multi_tenant;
               ^
--Use combine old and new command keyword in CREATE server command
--Testcase 5:
CREATE SERVER MULTI TENANT pgspider_multi_tenant;
ERROR:  syntax error at or near "TENANT"
LINE 1: CREATE SERVER MULTI TENANT pgspider_multi_tenant;
                            ^
--Server name same keyword
--Testcase 6:
CREATE MULTI TENANT tenant;
--Testcase 7:
CREATE MULTI TENANT multi;
--Create tenant table with server not exist
--Testcase 8:
CREATE MULTI TENANT TABLE test_tbl (i int, __spd_url text) MULTI TENANT pgspider_multi_tenant;
ERROR:  server "pgspider_multi_tenant" does not exist
--Create multi tenant succeed, used for create multi tenant table
--Testcase 9:
CREATE MULTI TENANT IF NOT EXISTS pgspider_multi_tenant;
--Keyword not correct in CREATE table command
--Testcase 10:
CREATE MULTI TABLE test_tbl (i int, __spd_url text) MULTI TENANT pgspider_multi_tenant;
ERROR:  syntax error at or near "TABLE"
LINE 1: CREATE MULTI TABLE test_tbl (i int, __spd_url text) MULTI TE...
                     ^
--Testcase 11:
CREATE TENANT TABLE test_tbl (i int, __spd_url text) MULTI TENANT pgspider_multi_tenant;
ERROR:  syntax error at or near "TENANT"
LINE 1: CREATE TENANT TABLE test_tbl (i int, __spd_url text) MULTI T...
               ^
--Testcase 12:
CREATE MULTI TENANT TABLE test_tbl (i int, __spd_url text) MULTI pgspider_multi_tenant;
ERROR:  syntax error at or near "pgspider_multi_tenant"
LINE 1: ...NANT TABLE test_tbl (i int, __spd_url text) MULTI pgspider_m...
                                                             ^
--Wrong order keyword in CREATE table command
--Testcase 13:
CREATE TENANT MULTI TABLE test_tbl (i int, __spd_url text) TENANT MULTI pgspider_multi_tenant;
ERROR:  syntax error at or near "TENANT"
LINE 1: CREATE TENANT MULTI TABLE test_tbl (i int, __spd_url text) T...
               ^
--Table name same keyword
--Testcase 14:
CREATE MULTI TENANT TABLE tenant (i int, __spd_url text) MULTI TENANT pgspider_multi_tenant;
--Testcase 15:
CREATE MULTI TENANT TABLE multi (i int, __spd_url text) MULTI TENANT pgspider_multi_tenant;
--Use combine old and new command keyword in CREATE table command
--Testcase 16:
CREATE FOREIGN MULTI TENANT TABLE test_tbl (i int, __spd_url text) MULTI TENANT pgspider_multi_tenant;
ERROR:  syntax error at or near "MULTI"
LINE 1: CREATE FOREIGN MULTI TENANT TABLE test_tbl (i int, __spd_url...
                       ^
--Testcase 17:
CREATE FOREIGN TABLE test_tbl (i int, __spd_url text) MULTI TENANT pgspider_multi_tenant;
ERROR:  syntax error at or near "MULTI"
LINE 1: ...TE FOREIGN TABLE test_tbl (i int, __spd_url text) MULTI TENA...
                                                             ^
--Testcase 18:
CREATE MULTI TENANT TABLE test_tbl (i int, __spd_url text) SERVER pgspider_multi_tenant;
ERROR:  syntax error at or near "SERVER"
LINE 1: ...LTI TENANT TABLE test_tbl (i int, __spd_url text) SERVER pgs...
                                                             ^
--DROP tables
--Testcase 19:
DROP MULTI TENANT TABLE multi;
--Testcase 20:
DROP MULTI TENANT TABLE tenant;
--Test for abnormal cases, wrong syntax ALTER command
--Keyword not correct in ALTER server command
--Testcase 21:
ALTER MULTI pgspider_multi_tenant RENAME TO pgspider;
ERROR:  syntax error at or near "pgspider_multi_tenant"
LINE 1: ALTER MULTI pgspider_multi_tenant RENAME TO pgspider;
                    ^
--Testcase 22:
ALTER TENANT pgspider_multi_tenant OWNER TO CURRENT_USER;
ERROR:  syntax error at or near "TENANT"
LINE 1: ALTER TENANT pgspider_multi_tenant OWNER TO CURRENT_USER;
              ^
--Wrong order keyword in ALTER server command
--Testcase 23:
ALTER TENANT MULTI pgspider_multi_tenant OPTIONS (host '127.0.0.1');
ERROR:  syntax error at or near "TENANT"
LINE 1: ALTER TENANT MULTI pgspider_multi_tenant OPTIONS (host '127....
              ^
--Use combine old and new command keyword in ALTER server command
--Testcase 24:
ALTER SERVER MULTI TENANT pgspider_multi_tenant OPTIONS (SET host 'localhost');
ERROR:  syntax error at or near "TENANT"
LINE 1: ALTER SERVER MULTI TENANT pgspider_multi_tenant OPTIONS (SET...
                           ^
--Testcase 25:
ALTER MULTI TENANT SERVER pgspider_multi_tenant VERSION '14.0';
ERROR:  syntax error at or near "pgspider_multi_tenant"
LINE 1: ALTER MULTI TENANT SERVER pgspider_multi_tenant VERSION '14....
                                  ^
--To check abnormal in alter table command, first, create table succeed
--Testcase 26:
CREATE MULTI TENANT TABLE test_tbl (i int, __spd_url text) MULTI TENANT pgspider_multi_tenant;
--Keyword not correct in ALTER table command
--Testcase 27:
ALTER TENANT TABLE test_tbl SET SCHEMA new_schema;
ERROR:  syntax error at or near "TENANT"
LINE 1: ALTER TENANT TABLE test_tbl SET SCHEMA new_schema;
              ^
--Testcase 28:
ALTER MULTI TABLE test_tbl RENAME COLUMN i TO ii;
ERROR:  syntax error at or near "TABLE"
LINE 1: ALTER MULTI TABLE test_tbl RENAME COLUMN i TO ii;
                    ^
--Wrong order keyword in ALTER table command
--Testcase 29:
ALTER TENANT MULTI TABLE test_tbl DROP COLUMN ii IF EXISTS;
ERROR:  syntax error at or near "TENANT"
LINE 1: ALTER TENANT MULTI TABLE test_tbl DROP COLUMN ii IF EXISTS;
              ^
--Use combine old and new command keyword in ALTER table command
--Testcase 30:
ALTER FOREIGN MULTI TENANT TABLE test_tbl ADD COLUMN ii text;
ERROR:  syntax error at or near "MULTI"
LINE 1: ALTER FOREIGN MULTI TENANT TABLE test_tbl ADD COLUMN ii text...
                      ^
--Testcase 31:
ALTER MULTI TENANT FOREIGN TABLE test_tbl ALTER COLUMN i SET NOT NULL;
ERROR:  syntax error at or near "FOREIGN"
LINE 1: ALTER MULTI TENANT FOREIGN TABLE test_tbl ALTER COLUMN i SET...
                           ^
--Alter table name same keyword
--Testcase 32:
ALTER MULTI TENANT TABLE test_tbl RENAME TO tenant;
--Testcase 33:
ALTER MULTI TENANT TABLE test_tbl RENAME TO multi;
ERROR:  relation "test_tbl" does not exist
--Test for abnormal cases, wrong syntax DROP command
--Keyword not correct in DROP server command
--Testcase 34:
DROP MULTI pgspider_multi_tenant;
ERROR:  syntax error at or near "pgspider_multi_tenant"
LINE 1: DROP MULTI pgspider_multi_tenant;
                   ^
--Testcase 35:
DROP TENANT pgspider_multi_tenant;
ERROR:  syntax error at or near "TENANT"
LINE 1: DROP TENANT pgspider_multi_tenant;
             ^
--Wrong order keyword in DROP server command
--Testcase 36:
DROP TENANT MULTI pgspider_multi_tenant;
ERROR:  syntax error at or near "TENANT"
LINE 1: DROP TENANT MULTI pgspider_multi_tenant;
             ^
--Drop server not exist
--Testcase 37:
DROP MULTI TENANT IF EXISTS pgspider_1;
NOTICE:  server "pgspider_1" does not exist, skipping
--Use combine old and new command keyword in DROP server command
--Testcase 38:
DROP SERVER MULTI TENANT pgspider_multi_tenant CASCADE;
ERROR:  syntax error at or near "TENANT"
LINE 1: DROP SERVER MULTI TENANT pgspider_multi_tenant CASCADE;
                          ^
--Keyword not correct in DROP table command
--Testcase 39:
DROP MULTI TABLE test_tbl;
ERROR:  syntax error at or near "TABLE"
LINE 1: DROP MULTI TABLE test_tbl;
                   ^
--Testcase 40:
DROP TENANT TABLE test_tbl;
ERROR:  syntax error at or near "TENANT"
LINE 1: DROP TENANT TABLE test_tbl;
             ^
--Wrong order keyword in DROP table command
--Testcase 41:
DROP TENANT MULTI TABLE test_tbl;
ERROR:  syntax error at or near "TENANT"
LINE 1: DROP TENANT MULTI TABLE test_tbl;
             ^
--Use combine old and new command keyword in DROP table command
--Testcase 42:
DROP FOREIGN TABLE MULTI TENANT IF EXISTS test_tbl;
ERROR:  syntax error at or near "TENANT"
LINE 1: DROP FOREIGN TABLE MULTI TENANT IF EXISTS test_tbl;
                                 ^
--Test for abnormal cases, wrong syntax user mapping command
--Keyword not correct in CREATE USER MAPPING command
--Testcase 43:
CREATE USER MAPPING FOR CURRENT_USER TENANT pgspider_multi_tenant;
ERROR:  syntax error at or near "TENANT"
LINE 1: CREATE USER MAPPING FOR CURRENT_USER TENANT pgspider_multi_t...
                                             ^
--Testcase 44:
CREATE USER MAPPING FOR CURRENT_USER MULTI pgspider_multi_tenant;
ERROR:  syntax error at or near "pgspider_multi_tenant"
LINE 1: CREATE USER MAPPING FOR CURRENT_USER MULTI pgspider_multi_te...
                                                   ^
--Wrong order keyword in CREATE USER MAPPING command
--Testcase 45:
CREATE USER MAPPING FOR PUBLIC TENANT MULTI pgspider_multi_tenant;
ERROR:  syntax error at or near "TENANT"
LINE 1: CREATE USER MAPPING FOR PUBLIC TENANT MULTI pgspider_multi_t...
                                       ^
--Use combine old and new command keyword in CREATE USER MAPPING command
--Testcase 46:
CREATE USER MAPPING FOR CURRENT_ROLE MULTI TENANT SERVER pgspider_multi_tenant;
ERROR:  syntax error at or near "pgspider_multi_tenant"
LINE 1: ...USER MAPPING FOR CURRENT_ROLE MULTI TENANT SERVER pgspider_m...
                                                             ^
--Testcase 47:
CREATE USER MAPPING FOR postgres SERVER MULTI TENANT pgspider_multi_tenant OPTIONS (user 'postgres', password 'postgres');
ERROR:  syntax error at or near "TENANT"
LINE 1: CREATE USER MAPPING FOR postgres SERVER MULTI TENANT pgspide...
                                                      ^
--Keyword not correct in ALTER USER MAPPING command
--Testcase 48:
ALTER USER MAPPING FOR postgres MULTI pgspider_multi_tenant OPTIONS (SET password 'public');
ERROR:  syntax error at or near "pgspider_multi_tenant"
LINE 1: ALTER USER MAPPING FOR postgres MULTI pgspider_multi_tenant ...
                                              ^
--Testcase 49:
ALTER USER MAPPING FOR postgres TENANT pgspider_multi_tenant OPTIONS (DROP password 'public');
ERROR:  syntax error at or near "TENANT"
LINE 1: ALTER USER MAPPING FOR postgres TENANT pgspider_multi_tenant...
                                        ^
--Wrong order keyword in ALTER USER MAPPING command
--Testcase 50:
ALTER USER MAPPING FOR PUBLIC TENANT MULTI pgspider_multi_tenant (ADD user 'test');
ERROR:  syntax error at or near "TENANT"
LINE 1: ALTER USER MAPPING FOR PUBLIC TENANT MULTI pgspider_multi_te...
                                      ^
--Use combine old and new command keyword in ALTER USER MAPPING command
--Testcase 51:
ALTER USER MAPPING FOR postgres MULTI TENANT SERVER pgspider_multi_tenant OPTIONS (user 'postgres', password 'postgres');
ERROR:  syntax error at or near "pgspider_multi_tenant"
LINE 1: ...TER USER MAPPING FOR postgres MULTI TENANT SERVER pgspider_m...
                                                             ^
--Keyword not correct in DROP USER MAPPING command
--Testcase 52:
DROP USER MAPPING FOR CURRENT_USER TENANT pgspider_multi_tenant;
ERROR:  syntax error at or near "TENANT"
LINE 1: DROP USER MAPPING FOR CURRENT_USER TENANT pgspider_multi_ten...
                                           ^
--Testcase 53:
DROP USER MAPPING FOR CURRENT_ROLE MULTI pgspider_multi_tenant;
ERROR:  syntax error at or near "pgspider_multi_tenant"
LINE 1: DROP USER MAPPING FOR CURRENT_ROLE MULTI pgspider_multi_tena...
                                                 ^
--Wrong order keyword in DROP USER MAPPING command
--Testcase 54:
DROP USER MAPPING IF EXISTS FOR postgres TENANT MULTI pgspider_multi_tenant;
ERROR:  syntax error at or near "TENANT"
LINE 1: DROP USER MAPPING IF EXISTS FOR postgres TENANT MULTI pgspid...
                                                 ^
--Use combine old and new command keyword in DROP USER MAPPING command
--Testcase 55:
DROP USER MAPPING IF EXISTS FOR public MULTI TENANT SERVER pgspider_multi_tenant;
ERROR:  syntax error at or near "pgspider_multi_tenant"
LINE 1: ... MAPPING IF EXISTS FOR public MULTI TENANT SERVER pgspider_m...
                                                             ^
--Now, drop multi tenant/table/user mapping
--Testcase 56:
DROP MULTI TENANT TABLE test_tbl;
ERROR:  foreign table "test_tbl" does not exist
--Testcase 57:
DROP MULTI TENANT pgspider_multi_tenant CASCADE;
NOTICE:  drop cascades to foreign table tenant
--Testcase 58:
DROP MULTI TENANT multi;
--Testcase 59:
DROP MULTI TENANT tenant;
--End test for abnormal cases
--Test for CREATE/DROP with other keywords which not tested in pgspider_core_fdw before
--Testcase 60:
CREATE EXTENSION mysql_fdw;
--Testcase 61:
CREATE SERVER mysql_svr FOREIGN DATA WRAPPER mysql_fdw OPTIONS (host '127.0.0.1',port '3306');
--Testcase 62:
CREATE USER MAPPING FOR PUBLIC SERVER mysql_svr OPTIONS(username 'root',password 'Mysql_1234');
--Testcase 63:
CREATE FOREIGN TABLE t3__mysql_svr__0 (t text,t2 text,i int) SERVER mysql_svr OPTIONS(dbname 'test',table_name 'test3');
--Create multi tenant with type PGSpider
--Testcase 64:
CREATE MULTI TENANT pgspider_svr TYPE 'PGSpider' VERSION '14.0';
--Testcase 65:
CREATE USER MAPPING FOR PUBLIC MULTI TENANT pgspider_svr;
--Testcase 66:
CREATE MULTI TENANT TABLE t3 (t text, t2 text, i int, __spd_url text) MULTI TENANT pgspider_svr;
--Check data retrieve directly from foreign table
--Testcase 67:
SELECT * FROM t3__mysql_svr__0;
  t  | t2  | i 
-----+-----+---
 aaa | bbb | 1
 aaa | bbb | 1
 aaa |     | 1
 aaa | bbb | 1
(4 rows)

--Check data query
--Testcase 68:
SELECT * FROM t3;
  t  | t2  | i |  __spd_url  
-----+-----+---+-------------
 aaa | bbb | 1 | /mysql_svr/
 aaa | bbb | 1 | /mysql_svr/
 aaa |     | 1 | /mysql_svr/
 aaa | bbb | 1 | /mysql_svr/
(4 rows)

--Drop tenant 
--Testcase 69:
DROP MULTI TENANT pgspider_svr CASCADE;
NOTICE:  drop cascades to 2 other objects
DETAIL:  drop cascades to user mapping for public on server pgspider_svr
drop cascades to foreign table t3
--Create multi tenant with type POSTGRESQL
--Testcase 70:
CREATE MULTI TENANT IF NOT EXISTS pgspider_svr TYPE 'POSTGRESQL' VERSION '14.0';
--Testcase 71:
CREATE USER MAPPING FOR PUBLIC MULTI TENANT pgspider_svr;
--Testcase 72:
CREATE MULTI TENANT TABLE t3 (t text, t2 text, i int, __spd_url text) MULTI TENANT pgspider_svr;
--Check data query
--Testcase 73:
SELECT * FROM t3;
  t  | t2  | i |  __spd_url  
-----+-----+---+-------------
 aaa | bbb | 1 | /mysql_svr/
 aaa | bbb | 1 | /mysql_svr/
 aaa |     | 1 | /mysql_svr/
 aaa | bbb | 1 | /mysql_svr/
(4 rows)

--Drop table and re-create 
--Testcase 74:
DROP MULTI TENANT TABLE IF EXISTS t3;
--Testcase 75:
CREATE MULTI TENANT TABLE IF NOT EXISTS t3 (t text, t2 text, i int, __spd_url text) MULTI TENANT pgspider_svr;
--Check data query
--Testcase 76:
SELECT * FROM t3;
  t  | t2  | i |  __spd_url  
-----+-----+---+-------------
 aaa | bbb | 1 | /mysql_svr/
 aaa | bbb | 1 | /mysql_svr/
 aaa |     | 1 | /mysql_svr/
 aaa | bbb | 1 | /mysql_svr/
(4 rows)

--Testcase 173:
DROP MULTI TENANT TABLE IF EXISTS t3;
--Check with partition
--Testcase 77:
CREATE TABLE main_partition_tbl (t text, t2 text, i int) PARTITION BY LIST (t);
--Testcase 78:
CREATE MULTI TENANT TABLE t3 PARTITION OF main_partition_tbl FOR VALUES IN ('node1') MULTI TENANT pgspider_svr;
--Testcase 79:
CREATE USER MAPPING IF NOT EXISTS FOR CURRENT_USER MULTI TENANT pgspider_svr;
--Check data query
--Testcase 80:
SELECT * FROM t3;
  t  | t2  | i 
-----+-----+---
 aaa | bbb | 1
 aaa | bbb | 1
 aaa |     | 1
 aaa | bbb | 1
(4 rows)

--Drop table/mapping and re-create 
--Testcase 81:
DROP MULTI TENANT TABLE IF EXISTS t3;
--Testcase 82:
DROP USER MAPPING IF EXISTS FOR CURRENT_USER MULTI TENANT pgspider_svr;
--Check with inherits
--Testcase 83:
CREATE TABLE main_inherits_tbl (t text, t2 text, i int);
--Testcase 84:
CREATE MULTI TENANT TABLE t3 (t text, t2 text, i int, __spd_url text) INHERITS (main_inherits_tbl) MULTI TENANT pgspider_svr;
NOTICE:  merging column "t" with inherited definition
NOTICE:  merging column "t2" with inherited definition
NOTICE:  merging column "i" with inherited definition
--Testcase 85:
CREATE USER MAPPING IF NOT EXISTS FOR CURRENT_ROLE MULTI TENANT pgspider_svr;
--Check data query
--Testcase 86:
SELECT * FROM t3;
  t  | t2  | i |  __spd_url  
-----+-----+---+-------------
 aaa | bbb | 1 | /mysql_svr/
 aaa | bbb | 1 | /mysql_svr/
 aaa |     | 1 | /mysql_svr/
 aaa | bbb | 1 | /mysql_svr/
(4 rows)

--Drop table/mapping and re-create
--Testcase 87:
DROP TABLE main_partition_tbl;
--Testcase 88:
DROP TABLE main_inherits_tbl CASCADE;
NOTICE:  drop cascades to foreign table t3
--Testcase 89:
DROP MULTI TENANT TABLE IF EXISTS t3;
NOTICE:  foreign table "t3" does not exist, skipping
--Testcase 90:
DROP USER MAPPING IF EXISTS FOR CURRENT_ROLE MULTI TENANT pgspider_svr;
--Check with default/check/not null
--Testcase 91:
CREATE MULTI TENANT TABLE t3 (t text DEFAULT 'aaa', t2 text, i int CHECK (i > 0), __spd_url text NOT NULL) MULTI TENANT pgspider_svr;
--Check data query
--Testcase 92:
SELECT * FROM t3;
  t  | t2  | i |  __spd_url  
-----+-----+---+-------------
 aaa | bbb | 1 | /mysql_svr/
 aaa | bbb | 1 | /mysql_svr/
 aaa |     | 1 | /mysql_svr/
 aaa | bbb | 1 | /mysql_svr/
(4 rows)

--Drop table and re-create
--Testcase 93:
DROP MULTI TENANT TABLE t3;
--Check with collate/null
--Testcase 94:
CREATE MULTI TENANT TABLE t3 (t text COLLATE "C", t2 text NULL, i int, __spd_url text) MULTI TENANT pgspider_svr;
--Testcase 95:
CREATE USER MAPPING IF NOT EXISTS FOR USER MULTI TENANT pgspider_svr;
--Check data query
--Testcase 96:
SELECT * FROM t3;
  t  | t2  | i |  __spd_url  
-----+-----+---+-------------
 aaa | bbb | 1 | /mysql_svr/
 aaa | bbb | 1 | /mysql_svr/
 aaa |     | 1 | /mysql_svr/
 aaa | bbb | 1 | /mysql_svr/
(4 rows)

--Drop tables
--Testcase 97:
DROP FOREIGN TABLE t3__mysql_svr__0;
--Testcase 98:
DROP SERVER mysql_svr CASCADE;
NOTICE:  drop cascades to user mapping for public on server mysql_svr
--Testcase 99:
DROP EXTENSION mysql_fdw CASCADE;
--Testcase 100:
DROP USER MAPPING IF EXISTS FOR USER MULTI TENANT pgspider_svr;
--Testcase 101:
DROP MULTI TENANT TABLE t3 CASCADE;
--Testcase 102:
DROP USER MAPPING FOR PUBLIC MULTI TENANT pgspider_svr;
--Testcase 103:
DROP MULTI TENANT IF EXISTS pgspider_svr RESTRICT;
--Test for ALTER commands
--Create MULTI TENANT/MULTI TENANT TABLE/USER MAPPING
--Testcase 104:
CREATE MULTI TENANT pgspider_svr;
--Testcase 105:
CREATE MULTI TENANT TABLE test1 (i int,__spd_url text) MULTI TENANT pgspider_svr;
--Testcase 106:
CREATE MULTI TENANT TABLE t1 (i int, t text,__spd_url text) MULTI TENANT pgspider_svr;
--Testcase 107:
CREATE USER MAPPING FOR PUBLIC MULTI TENANT pgspider_svr;
--Create foreign tables
--Testcase 108:
CREATE EXTENSION file_fdw;
--Testcase 109:
CREATE EXTENSION postgres_fdw;
--Testcase 110:
CREATE SERVER file_svr FOREIGN DATA WRAPPER file_fdw;
--Testcase 111:
CREATE SERVER post_svr FOREIGN DATA WRAPPER postgres_fdw OPTIONS (host '127.0.0.1',port '15432');
--Testcase 112:
CREATE USER MAPPING FOR PUBLIC SERVER post_svr OPTIONS(user 'postgres',password 'postgres');
--Testcase 113:
CREATE FOREIGN TABLE test1__file_svr__0 (i int) SERVER file_svr options(filename '/tmp/pgtest.csv');
--Testcase 114:
CREATE FOREIGN TABLE t1__post_svr__0 (i int, t text) SERVER post_svr OPTIONS(table_name 't1');
--First, test with normal options that already tested in pgspider_core_fdw
--Alter multi tenant
--Testcase 115:
ALTER MULTI TENANT pgspider_svr OPTIONS (host '127.0.0.1', port '656');
--Testcase 116:
ALTER MULTI TENANT pgspider_svr OPTIONS (SET port '50849');
--Check data retrieve directly from foreign table
--Testcase 117:
SELECT * FROM test1__file_svr__0;
 i 
---
 1
 2
 3
 4
(4 rows)

--Testcase 118:
SELECT * FROM t1__post_svr__0;
 i | t 
---+---
 1 | a
 2 | b
 3 | b
 4 | c
(4 rows)

--Check query data
--Testcase 119:
SELECT * FROM test1;
 i | __spd_url  
---+------------
 1 | /file_svr/
 2 | /file_svr/
 3 | /file_svr/
 4 | /file_svr/
(4 rows)

--Testcase 120:
SELECT * FROM t1;
 i | t | __spd_url  
---+---+------------
 1 | a | /post_svr/
 2 | b | /post_svr/
 3 | b | /post_svr/
 4 | c | /post_svr/
(4 rows)

--Alter user mapping with options
--Testcase 121:
ALTER USER MAPPING FOR PUBLIC MULTI TENANT pgspider_svr OPTIONS (ADD user 'p');
--Testcase 122:
ALTER USER MAPPING FOR PUBLIC MULTI TENANT pgspider_svr OPTIONS (ADD password 'p');
--Testcase 123:
ALTER USER MAPPING FOR PUBLIC MULTI TENANT pgspider_svr OPTIONS (SET user 'postgres');
--Testcase 124:
ALTER USER MAPPING FOR PUBLIC MULTI TENANT pgspider_svr OPTIONS (DROP password);
--Testcase 125:
ALTER USER MAPPING FOR PUBLIC MULTI TENANT pgspider_svr OPTIONS (ADD password 'postgres');
--Check query data
--Testcase 126:
SELECT * FROM test1;
 i | __spd_url  
---+------------
 1 | /file_svr/
 2 | /file_svr/
 3 | /file_svr/
 4 | /file_svr/
(4 rows)

--Testcase 127:
SELECT * FROM t1;
 i | t | __spd_url  
---+---+------------
 1 | a | /post_svr/
 2 | b | /post_svr/
 3 | b | /post_svr/
 4 | c | /post_svr/
(4 rows)

--Test with new KEYWORD
--Alter multi tenant
--Testcase 128:
ALTER MULTI TENANT pgspider_svr OWNER TO CURRENT_USER;
--Testcase 129:
ALTER MULTI TENANT pgspider_svr RENAME TO pgspider_multi_tenant;
--Check query data
--Testcase 130:
SELECT * FROM test1;
 i | __spd_url  
---+------------
 1 | /file_svr/
 2 | /file_svr/
 3 | /file_svr/
 4 | /file_svr/
(4 rows)

--Testcase 131:
SELECT * FROM t1;
 i | t | __spd_url  
---+---+------------
 1 | a | /post_svr/
 2 | b | /post_svr/
 3 | b | /post_svr/
 4 | c | /post_svr/
(4 rows)

--Alter multi tenant table
--Alter columns and check query data
--Testcase 132:
ALTER MULTI TENANT TABLE test1 DROP COLUMN __spd_url;
--Testcase 133:
SELECT * FROM test1;
 i 
---
 1
 2
 3
 4
(4 rows)

--Testcase 134:
ALTER MULTI TENANT TABLE test1 ADD COLUMN __spd_url text;
--Testcase 135:
SELECT * FROM test1;
 i | __spd_url  
---+------------
 1 | /file_svr/
 2 | /file_svr/
 3 | /file_svr/
 4 | /file_svr/
(4 rows)

--Testcase 140:
ALTER MULTI TENANT TABLE t1 DROP COLUMN IF EXISTS c2 CASCADE;
NOTICE:  column "c2" of relation "t1" does not exist, skipping
--Testcase 141:
SELECT * FROM test1;
 i | __spd_url  
---+------------
 1 | /file_svr/
 2 | /file_svr/
 3 | /file_svr/
 4 | /file_svr/
(4 rows)

--Alter schema
--Testcase 142:
CREATE SCHEMA new_schema;
--Testcase 143:
ALTER MULTI TENANT TABLE test1 SET SCHEMA new_schema;
--Testcase 144:
SELECT * FROM new_schema.test1;
 i | __spd_url  
---+------------
 1 | /file_svr/
 2 | /file_svr/
 3 | /file_svr/
 4 | /file_svr/
(4 rows)

--Testcase 145:
ALTER MULTI TENANT TABLE new_schema.test1 SET SCHEMA PUBLIC;
--Alter multi tenant table name
--Testcase 146:
ALTER MULTI TENANT TABLE test1 RENAME TO a_test;
--Testcase 174:
ALTER FOREIGN TABLE test1__file_svr__0 RENAME TO a_test__file_svr__0;
--Testcase 147:
SELECT * FROM a_test;
 i | __spd_url  
---+------------
 1 | /file_svr/
 2 | /file_svr/
 3 | /file_svr/
 4 | /file_svr/
(4 rows)

--Use constraint
--Testcase 148:
ALTER MULTI TENANT TABLE t1 ADD CONSTRAINT t1ipositive CHECK (i >= 0);
--Testcase 149:
SELECT * FROM t1;
 i | t | __spd_url  
---+---+------------
 1 | a | /post_svr/
 2 | b | /post_svr/
 3 | b | /post_svr/
 4 | c | /post_svr/
(4 rows)

--Use with trigger
--Testcase 150:
ALTER MULTI TENANT TABLE t1 ENABLE TRIGGER USER;
--Testcase 151:
SELECT * FROM t1;
 i | t | __spd_url  
---+---+------------
 1 | a | /post_svr/
 2 | b | /post_svr/
 3 | b | /post_svr/
 4 | c | /post_svr/
(4 rows)

--Testcase 152:
ALTER MULTI TENANT TABLE t1 DISABLE TRIGGER ALL;
--Testcase 153:
SELECT * FROM t1;
 i | t | __spd_url  
---+---+------------
 1 | a | /post_svr/
 2 | b | /post_svr/
 3 | b | /post_svr/
 4 | c | /post_svr/
(4 rows)

--Alter user mapping with new keyword
--Testcase 175:
CREATE USER MAPPING FOR CURRENT_USER MULTI TENANT pgspider_multi_tenant OPTIONS (password 'dummypwd');
--Testcase 156:
ALTER USER MAPPING FOR CURRENT_USER MULTI TENANT pgspider_multi_tenant OPTIONS (DROP password);
--Testcase 157:
ALTER USER MAPPING FOR CURRENT_ROLE MULTI TENANT pgspider_multi_tenant OPTIONS (ADD password 'postgres');
--Testcase 158:
ALTER USER MAPPING FOR USER MULTI TENANT pgspider_multi_tenant OPTIONS (ADD user 'postgres');
--Testcase 159:
SELECT * FROM t1;
 i | t | __spd_url  
---+---+------------
 1 | a | /post_svr/
 2 | b | /post_svr/
 3 | b | /post_svr/
 4 | c | /post_svr/
(4 rows)

--Clean
--Testcase 160:
DROP SERVER file_svr CASCADE;
NOTICE:  drop cascades to foreign table a_test__file_svr__0
--Testcase 161:
DROP SERVER post_svr CASCADE;
NOTICE:  drop cascades to 2 other objects
DETAIL:  drop cascades to user mapping for public on server post_svr
drop cascades to foreign table t1__post_svr__0
--Testcase 162:
DROP USER MAPPING FOR CURRENT_USER MULTI TENANT pgspider_multi_tenant;
--Testcase 165:
DROP USER MAPPING FOR PUBLIC MULTI TENANT pgspider_multi_tenant;
--Testcase 166:
DROP MULTI TENANT TABLE test1 CASCADE;
ERROR:  foreign table "test1" does not exist
--Testcase 167:
DROP MULTI TENANT TABLE t1 CASCADE;
--Testcase 168:
DROP MULTI TENANT pgspider_multi_tenant CASCADE;
NOTICE:  drop cascades to foreign table a_test
--Testcase 169:
DROP EXTENSION pgspider_core_fdw CASCADE;
--Testcase 170:
DROP EXTENSION postgres_fdw CASCADE;
--Testcase 171:
DROP EXTENSION file_fdw CASCADE;
