NOTICE:  extension "file_fdw" does not exist, skipping
NOTICE:  extension "pgspider_fdw" does not exist, skipping
NOTICE:  extension "postgres_fdw" does not exist, skipping
NOTICE:  extension "sqlite_fdw" does not exist, skipping
NOTICE:  extension "tinybrace_fdw" does not exist, skipping
NOTICE:  extension "mysql_fdw" does not exist, skipping
NOTICE:  extension "griddb_fdw" does not exist, skipping
NOTICE:  extension "influxdb_fdw" does not exist, skipping
NOTICE:  extension "parquet_s3_fdw" does not exist, skipping
NOTICE:  extension "mongo_fdw" does not exist, skipping
NOTICE:  extension "oracle_fdw" does not exist, skipping
NOTICE:  extension "postgrest_fdw" does not exist, skipping
NOTICE:  extension "odbc_fdw" does not exist, skipping
NOTICE:  extension "jdbc_fdw" does not exist, skipping
NOTICE:  extension "dynamodb_fdw" does not exist, skipping
NOTICE:  extension "sqlumdashcs_fdw" does not exist, skipping
NOTICE:  extension "objstorage_fdw" does not exist, skipping
NOTICE:  extension "gitlab_fdw" does not exist, skipping
NOTICE:  extension "redmine_fdw" does not exist, skipping
NOTICE:  extension "pgspider_core_fdw" does not exist, skipping
NOTICE:  extension "postgres_fdw" already exists, skipping
NOTICE:  extension "file_fdw" does not exist, skipping
NOTICE:  extension "pgspider_fdw" does not exist, skipping
NOTICE:  extension "postgres_fdw" does not exist, skipping
NOTICE:  extension "sqlite_fdw" does not exist, skipping
NOTICE:  extension "tinybrace_fdw" does not exist, skipping
NOTICE:  extension "mysql_fdw" does not exist, skipping
NOTICE:  extension "griddb_fdw" does not exist, skipping
NOTICE:  extension "influxdb_fdw" does not exist, skipping
NOTICE:  extension "parquet_s3_fdw" does not exist, skipping
NOTICE:  extension "mongo_fdw" does not exist, skipping
NOTICE:  extension "oracle_fdw" does not exist, skipping
NOTICE:  extension "postgrest_fdw" does not exist, skipping
NOTICE:  extension "odbc_fdw" does not exist, skipping
NOTICE:  extension "jdbc_fdw" does not exist, skipping
NOTICE:  extension "dynamodb_fdw" does not exist, skipping
NOTICE:  extension "sqlumdashcs_fdw" does not exist, skipping
NOTICE:  extension "objstorage_fdw" does not exist, skipping
NOTICE:  extension "gitlab_fdw" does not exist, skipping
NOTICE:  extension "redmine_fdw" does not exist, skipping
NOTICE:  extension "pgspider_core_fdw" does not exist, skipping
NOTICE:  extension "file_fdw" does not exist, skipping
NOTICE:  extension "pgspider_fdw" does not exist, skipping
NOTICE:  extension "postgres_fdw" does not exist, skipping
NOTICE:  extension "sqlite_fdw" does not exist, skipping
NOTICE:  extension "tinybrace_fdw" does not exist, skipping
NOTICE:  extension "mysql_fdw" does not exist, skipping
NOTICE:  extension "griddb_fdw" does not exist, skipping
NOTICE:  extension "influxdb_fdw" does not exist, skipping
NOTICE:  extension "parquet_s3_fdw" does not exist, skipping
NOTICE:  extension "mongo_fdw" does not exist, skipping
NOTICE:  extension "oracle_fdw" does not exist, skipping
NOTICE:  extension "postgrest_fdw" does not exist, skipping
NOTICE:  extension "odbc_fdw" does not exist, skipping
NOTICE:  extension "jdbc_fdw" does not exist, skipping
NOTICE:  extension "dynamodb_fdw" does not exist, skipping
NOTICE:  extension "sqlumdashcs_fdw" does not exist, skipping
NOTICE:  extension "objstorage_fdw" does not exist, skipping
NOTICE:  extension "gitlab_fdw" does not exist, skipping
NOTICE:  extension "redmine_fdw" does not exist, skipping
NOTICE:  extension "pgspider_core_fdw" does not exist, skipping
NOTICE:  extension "postgres_fdw" already exists, skipping
NOTICE:  extension "file_fdw" does not exist, skipping
NOTICE:  extension "pgspider_fdw" does not exist, skipping
NOTICE:  extension "postgres_fdw" does not exist, skipping
NOTICE:  extension "sqlite_fdw" does not exist, skipping
NOTICE:  extension "tinybrace_fdw" does not exist, skipping
NOTICE:  extension "mysql_fdw" does not exist, skipping
NOTICE:  extension "griddb_fdw" does not exist, skipping
NOTICE:  extension "influxdb_fdw" does not exist, skipping
NOTICE:  extension "parquet_s3_fdw" does not exist, skipping
NOTICE:  extension "mongo_fdw" does not exist, skipping
NOTICE:  extension "oracle_fdw" does not exist, skipping
NOTICE:  extension "postgrest_fdw" does not exist, skipping
NOTICE:  extension "odbc_fdw" does not exist, skipping
NOTICE:  extension "jdbc_fdw" does not exist, skipping
NOTICE:  extension "dynamodb_fdw" does not exist, skipping
NOTICE:  extension "sqlumdashcs_fdw" does not exist, skipping
NOTICE:  extension "objstorage_fdw" does not exist, skipping
NOTICE:  extension "gitlab_fdw" does not exist, skipping
NOTICE:  extension "redmine_fdw" does not exist, skipping
NOTICE:  extension "pgspider_core_fdw" does not exist, skipping
NOTICE:  extension "file_fdw" already exists, skipping
NOTICE:  role "pgspider" has already been granted membership in role "pg_read_server_files" by role "vagrant"
NOTICE:  extension "pgspider_fdw" already exists, skipping
NOTICE:  extension "file_fdw" does not exist, skipping
NOTICE:  extension "pgspider_fdw" does not exist, skipping
NOTICE:  extension "postgres_fdw" does not exist, skipping
NOTICE:  extension "sqlite_fdw" does not exist, skipping
NOTICE:  extension "tinybrace_fdw" does not exist, skipping
NOTICE:  extension "mysql_fdw" does not exist, skipping
NOTICE:  extension "griddb_fdw" does not exist, skipping
NOTICE:  extension "influxdb_fdw" does not exist, skipping
NOTICE:  extension "parquet_s3_fdw" does not exist, skipping
NOTICE:  extension "mongo_fdw" does not exist, skipping
NOTICE:  extension "oracle_fdw" does not exist, skipping
NOTICE:  extension "postgrest_fdw" does not exist, skipping
NOTICE:  extension "odbc_fdw" does not exist, skipping
NOTICE:  extension "jdbc_fdw" does not exist, skipping
NOTICE:  extension "dynamodb_fdw" does not exist, skipping
NOTICE:  extension "sqlumdashcs_fdw" does not exist, skipping
NOTICE:  extension "objstorage_fdw" does not exist, skipping
NOTICE:  extension "gitlab_fdw" does not exist, skipping
NOTICE:  extension "redmine_fdw" does not exist, skipping
NOTICE:  extension "pgspider_core_fdw" does not exist, skipping
NOTICE:  extension "postgres_fdw" already exists, skipping
NOTICE:  schema "temp_schema" does not exist, skipping
NOTICE:  relation "tbl_postgre" already exists, skipping
NOTICE:  schema "temp_schema" does not exist, skipping
NOTICE:  relation "tbl_postgre" already exists, skipping
NOTICE:  schema "temp_schema" does not exist, skipping
NOTICE:  relation "tbl_postgre" already exists, skipping
NOTICE:  relation "tmp_test_setcluster" already exists, skipping
NOTICE:  relation "tbl_postgre" already exists, skipping
NOTICE:  schema "temp_schema" does not exist, skipping
NOTICE:  relation "tbl_postgre" already exists, skipping
NOTICE:  relation "tbl_postgre" already exists, skipping
Config directory: ./
Node information file: node_information.json
Node structure file: node_structure.json
Timeout: 0
FINISH db5 
FINISH db10 
FINISH db7 
file_fdw parent foreign table: CREATE FOREIGN TABLE IF NOT EXISTS "tmp_test_setcluster"(c1 text, c2 bigint, c3 float8,__spd_url text) server db4;
file_fdw server: CREATE SERVER IF NOT EXISTS db13 FOREIGN DATA WRAPPER file_fdw;
file_fdw child foreign table: CREATE FOREIGN TABLE tmp_test_setcluster__db13__0(c1 text, c2 bigint, c3 float8) SERVER db13 OPTIONS(filename '/tmp/test_setcluster/tbl_file.csv', format 'csv');

file_fdw child foreign table: CREATE FOREIGN TABLE tmp_test_setcluster__db13__1(c1 text, c2 bigint, c3 float8) SERVER db13 OPTIONS(filename '/tmp/test_setcluster/tbl_file2.csv', format 'csv');

file_fdw parent foreign table: CREATE FOREIGN TABLE IF NOT EXISTS "tmp_test_setcluster"(c1 text, c2 bigint, c3 float8,__spd_url text) server db4;
file_fdw server: CREATE SERVER IF NOT EXISTS db14 FOREIGN DATA WRAPPER file_fdw;
file_fdw child foreign table: CREATE FOREIGN TABLE tmp_test_setcluster__db14__0(c1 text, c2 bigint, c3 float8) SERVER db14 OPTIONS(filename '/tmp/test_setcluster2/tbl_file3.csv', format 'csv');

file_fdw child foreign table: CREATE FOREIGN TABLE tmp_test_setcluster__db14__1(c1 text, c2 bigint, c3 float8) SERVER db14 OPTIONS(filename '/tmp/test_setcluster2/tbl_file4.csv', format 'csv');

FINISH db4 
FINISH db1 
free db2
free db3
free db8
free db9
free db5
free db6
free db13
free db14
free db10
free db11
free db12
free db7
free db4
Success to create pgspider tables.
