File:install_main.c Function:verify_nodename L:1230 Msg:Error: Node name is not existed
Config directory: ./
Node information file: node_information.json
Node structure file: node_structure.json
Timeout: 0
