NOTICE:  extension "file_fdw" does not exist, skipping
NOTICE:  extension "pgspider_fdw" does not exist, skipping
NOTICE:  extension "postgres_fdw" does not exist, skipping
NOTICE:  extension "sqlite_fdw" does not exist, skipping
NOTICE:  extension "tinybrace_fdw" does not exist, skipping
NOTICE:  extension "mysql_fdw" does not exist, skipping
NOTICE:  extension "griddb_fdw" does not exist, skipping
NOTICE:  extension "influxdb_fdw" does not exist, skipping
NOTICE:  extension "pgspider_core_fdw" does not exist, skipping
File:install_util.c Function:query_execute L:148 Msg:CREATE EXTENSION IF NOT EXISTS postgrest_fdw; failed :ERROR:  could not open extension control file "/home/release_FDW/PGSpider/install/share/postgresql/extension/postgrest_fdw.control": No such file or directory

Config directory: ./
Node information file: node_information.json
Node structure file: node_structure.json
Timeout: 0
free db2
