NOTICE:  extension "file_fdw" does not exist, skipping
NOTICE:  extension "pgspider_fdw" does not exist, skipping
NOTICE:  extension "postgres_fdw" does not exist, skipping
NOTICE:  extension "sqlite_fdw" does not exist, skipping
NOTICE:  extension "tinybrace_fdw" does not exist, skipping
NOTICE:  extension "mysql_fdw" does not exist, skipping
NOTICE:  extension "griddb_fdw" does not exist, skipping
NOTICE:  extension "influxdb_fdw" does not exist, skipping
NOTICE:  extension "parquet_s3_fdw" does not exist, skipping
NOTICE:  extension "mongo_fdw" does not exist, skipping
NOTICE:  extension "oracle_fdw" does not exist, skipping
NOTICE:  extension "postgrest_fdw" does not exist, skipping
NOTICE:  extension "odbc_fdw" does not exist, skipping
NOTICE:  extension "jdbc_fdw" does not exist, skipping
NOTICE:  extension "dynamodb_fdw" does not exist, skipping
NOTICE:  extension "sqlumdashcs_fdw" does not exist, skipping
NOTICE:  extension "objstorage_fdw" does not exist, skipping
NOTICE:  extension "pgspider_core_fdw" does not exist, skipping
NOTICE:  schema "temp_schema" does not exist, skipping
File:install_util.c Function:query_execute L:147 Msg:IMPORT FOREIGN SCHEMA public FROM SERVER db4 INTO temp_schema; failed :ERROR:  foreign-data wrapper "dynamodb_fdw" does not support IMPORT FOREIGN SCHEMA

Config directory: ./
Node information file: node_information.json
Node structure file: node_structure.json
Timeout: 0
file_fdw parent foreign table: CREATE FOREIGN TABLE IF NOT EXISTS "tmp_test_setcluster"(c1 text, c2 bigint, c3 float8,__spd_url text) server db1;
file_fdw server: CREATE SERVER IF NOT EXISTS db2 FOREIGN DATA WRAPPER file_fdw;
file_fdw child foreign table: CREATE FOREIGN TABLE tmp_test_setcluster__db2__0(c1 text, c2 bigint, c3 float8) SERVER db2 OPTIONS(filename '/tmp/test_setcluster/tbl_file.csv', format 'csv');

free db2
free db3
free db4
free db5
free db6
free db7
