File:install_util.c Function:create_connection L:117 Msg:Error:connection to server at "127.0.0.1", port 4813 failed: fe_sendauth: no password supplied

Config directory: ./
Node information file: node_information.json
Node structure file: node_structure.json
Timeout: 0
free db2
