File:install_main.c Function:main L:1546 Msg:Error: Can not open file ./no_exist_file.json
Config directory: ./
Node information file: no_exist_file.json
Node structure file: node_structure.json
Timeout: 0
