NOTICE:  extension "objstorage_fdw" already exists, skipping
NOTICE:  extension "objstorage_fdw" already exists, skipping
NOTICE:  relation "test_table2" already exists, skipping
NOTICE:  relation "test_table2" already exists, skipping
Config directory: ./
Node information file: node_information.json
Node structure file: node_structure.json
Timeout: 0
Node schema: public
Node on conflict: none
FINISH db1 
free db2
free db6
free db10
Success to create pgspider tables.
