select * from tbl_postgre order by c2, __spd_url;
ERROR:  relation "tbl_postgre" does not exist
LINE 1: select * from tbl_postgre order by c2, __spd_url;
                      ^
select * from tmp_test_setcluster order by c2, __spd_url;
ERROR:  relation "tmp_test_setcluster" does not exist
LINE 1: select * from tmp_test_setcluster order by c2, __spd_url;
                      ^
select * from tbl_grid;
ERROR:  relation "tbl_grid" does not exist
LINE 1: select * from tbl_grid;
                      ^
select * from tbl_influx;
SET
ERROR:  relation "tbl_influx" does not exist
LINE 1: SET TIMEZONE to 'UTC'; select * from tbl_influx;
                                             ^
select * from tbl_mysql;
ERROR:  relation "tbl_mysql" does not exist
LINE 1: select * from tbl_mysql;
                      ^
select * from tbl_sqlite;
ERROR:  relation "tbl_sqlite" does not exist
LINE 1: select * from tbl_sqlite;
                      ^
select * from tbl_tiny;
ERROR:  relation "tbl_tiny" does not exist
LINE 1: select * from tbl_tiny;
                      ^
select * from tbl_parquetminio;
ERROR:  relation "tbl_parquetminio" does not exist
LINE 1: select * from tbl_parquetminio;
                      ^
select * from tbl_parquetlocal;
ERROR:  relation "tbl_parquetlocal" does not exist
LINE 1: select * from tbl_parquetlocal;
                      ^
select * from tbl_oracle;
ERROR:  relation "tbl_oracle" does not exist
LINE 1: select * from tbl_oracle;
                      ^
select * from tbl_sqlumdash;
ERROR:  relation "tbl_sqlumdash" does not exist
LINE 1: select * from tbl_sqlumdash;
                      ^
select * from tbl_odbcmysql;
ERROR:  relation "tbl_odbcmysql" does not exist
LINE 1: select * from tbl_odbcmysql;
                      ^
select * from tbl_odbcpostgres;
ERROR:  relation "tbl_odbcpostgres" does not exist
LINE 1: select * from tbl_odbcpostgres;
                      ^
select * from tbl_dynamodb;
ERROR:  relation "tbl_dynamodb" does not exist
LINE 1: select * from tbl_dynamodb;
                      ^
select * from tbl_mongo;
ERROR:  relation "tbl_mongo" does not exist
LINE 1: select * from tbl_mongo;
                      ^
select * from tbl_jdbcmysql;
ERROR:  relation "tbl_jdbcmysql" does not exist
LINE 1: select * from tbl_jdbcmysql;
                      ^
select * from tbl_jdbcpostgres;
ERROR:  relation "tbl_jdbcpostgres" does not exist
LINE 1: select * from tbl_jdbcpostgres;
                      ^
select * from tbl_jdbcgrid;
ERROR:  relation "tbl_jdbcgrid" does not exist
LINE 1: select * from tbl_jdbcgrid;
                      ^
select * from tbl_postgrest;
ERROR:  relation "tbl_postgrest" does not exist
LINE 1: select * from tbl_postgrest;
                      ^
select * from issues order by id, parent_id;
ERROR:  relation "issues" does not exist
LINE 1: select * from issues order by id, parent_id;
                      ^
